**********************
Windows PowerShell transcript start
Start time: 20240614200657
Username: TOBIASRHODES\keert
RunAs User: TOBIASRHODES\keert
Configuration Name: 
Machine: TOBIASRHODES (Microsoft Windows NT 10.0.22631.0)
Host Application: C:\Windows\System32\WindowsPowerShell\v1.0\powershell.exe -noexit -command try { . "c:\Users\keert\AppData\Local\Programs\Microsoft VS Code\resources\app\out\vs\workbench\contrib\terminal\browser\media\shellIntegration.ps1" } catch {}
Process ID: 27796
PSVersion: 5.1.22621.3672
PSEdition: Desktop
PSCompatibleVersions: 1.0, 2.0, 3.0, 4.0, 5.0, 5.1.22621.3672
BuildVersion: 10.0.22621.3672
CLRVersion: 4.0.30319.42000
WSManStackVersion: 3.0
PSRemotingProtocolVersion: 2.3
SerializationVersion: 1.1.0.1
**********************
Transcript started, output file is D:\mie\formbuilder-1\scripts-run\jun14.txt
PS D:\MIE\formBuilder-1> npm start

PS D:\MIE\formBuilder-1> TerminatingError(): "The pipeline has been stopped."
>> TerminatingError(): "The pipeline has been stopped."
PS D:\MIE\formBuilder-1> npx eslint --fix src/js/control/customButton.js

PS D:\MIE\formBuilder-1> npm start
webpack 5.91.0 compiled successfully in 260 ms
<i> [webpack-dev-server] Gracefully shutting down. To force exit, press ^C again. Please wait...
Terminate batch job (Y/N)? y
PS D:\MIE\formBuilder-1> TerminatingError(): "The pipeline has been stopped."
>> TerminatingError(): "The pipeline has been stopped."
PS D:\MIE\formBuilder-1> npm start
  29:4   error    Expected linebreaks to be 'LF' but found 'CRLF'  linebreak-style
  30:2   error    Expected linebreaks to be 'LF' but found 'CRLF'  linebreak-style
  31:1   error    Expected linebreaks to be 'LF' but found 'CRLF'  linebreak-style
  32:52  error    Extra semicolon                                  semi
  32:53  error    Expected linebreaks to be 'LF' but found 'CRLF'  linebreak-style

✖ 39 problems (38 errors, 1 warning)
  38 errors and 0 warnings potentially fixable with the `--fix` option.

 @ ../src/js/control/index.js 12:0-47 25:2-20
 @ ../src/js/form-render.js 7:0-25

webpack 5.91.0 compiled with 1 error in 769 ms
<i> [webpack-dev-server] Gracefully shutting down. To force exit, press ^C again. Please wait...
Terminate batch job (Y/N)? y
PS D:\MIE\formBuilder-1> TerminatingError(): "The pipeline has been stopped."
>> TerminatingError(): "The pipeline has been stopped."
PS D:\MIE\formBuilder-1> npx eslint --fix src/js/control/customButton.js

PS D:\MIE\formBuilder-1> npx eslint --fix src/js/control/index.js

PS D:\MIE\formBuilder-1> npm start

PS D:\MIE\formBuilder-1> TerminatingError(): "The pipeline has been stopped."
>> TerminatingError(): "The pipeline has been stopped."
PS D:\MIE\formBuilder-1> npx eslint --fix src/js/control/index.js

PS D:\MIE\formBuilder-1> npx eslint --fix src/js/form-render.js

PS D:\MIE\formBuilder-1> npm start

PS D:\MIE\formBuilder-1> TerminatingError(): "The pipeline has been stopped."
>> TerminatingError(): "The pipeline has been stopped."
PS D:\MIE\formBuilder-1> npx eslint --fix src/js/control/index.js

PS D:\MIE\formBuilder-1> npx eslint --fix src/js/form-render.js

PS D:\MIE\formBuilder-1> npx eslint --fix src/js/rangeSlider.js

PS D:\MIE\formBuilder-1> npx eslint --fix src/js/control/rangeSlider.js

PS D:\MIE\formBuilder-1> npx eslint --fix src/js/control/rangeSlider.js

PS D:\MIE\formBuilder-1> npm start

PS D:\MIE\formBuilder-1> TerminatingError(): "The pipeline has been stopped."
>> TerminatingError(): "The pipeline has been stopped."
PS D:\MIE\formBuilder-1> npx eslint --fix src/js/control/rangeSlider.js

PS D:\MIE\formBuilder-1> npm start

PS D:\MIE\formBuilder-1> TerminatingError(): "The pipeline has been stopped."
>> TerminatingError(): "The pipeline has been stopped."
PS D:\MIE\formBuilder-1> npx eslint --fix src/js/control/rangeSlider.js

PS D:\MIE\formBuilder-1> npx eslint --fix src/js/control/rangeSlider.js

PS D:\MIE\formBuilder-1> npm start

PS D:\MIE\formBuilder-1> TerminatingError(): "The pipeline has been stopped."
>> TerminatingError(): "The pipeline has been stopped."
PS D:\MIE\formBuilder-1> npx eslint --fix src/js/control/rangeSlider.js

PS D:\MIE\formBuilder-1> npm start

PS D:\MIE\formBuilder-1> TerminatingError(): "The pipeline has been stopped."
>> TerminatingError(): "The pipeline has been stopped."
PS D:\MIE\formBuilder-1> npx eslint --fix src/js/control/rangeSlider.js

PS D:\MIE\formBuilder-1> npm start

PS D:\MIE\formBuilder-1> TerminatingError(): "The pipeline has been stopped."
>> TerminatingError(): "The pipeline has been stopped."
PS D:\MIE\formBuilder-1> npx eslint --fix src/js/control/rangeSlider.js

PS D:\MIE\formBuilder-1> npm start

PS D:\MIE\formBuilder-1> TerminatingError(): "The pipeline has been stopped."
>> TerminatingError(): "The pipeline has been stopped."
PS D:\MIE\formBuilder-1> npx eslint --fix src/js/control/rangeSlider.js

PS D:\MIE\formBuilder-1> npm start

PS D:\MIE\formBuilder-1> TerminatingError(): "The pipeline has been stopped."
>> TerminatingError(): "The pipeline has been stopped."
PS D:\MIE\formBuilder-1> npm start

PS D:\MIE\formBuilder-1> TerminatingError(): "The pipeline has been stopped."
>> TerminatingError(): "The pipeline has been stopped."
PS D:\MIE\formBuilder-1> npx eslint --fix src/js/control/rangeSlider.js

